
C:\Users\karan\Downloads\FREE FIRE\src\context\AppContext.jsx
   5:14  error  Fast refresh only works when a file only exports components. Use a new file to share constants or functions between components  react-refresh/only-export-components
  10:26  error  'setMatchHistory' is assigned a value but never used. Allowed unused vars must match /^[A-Z_]/u                                 no-unused-vars
  56:39  error  'result' is defined but never used                                                                                              no-unused-vars

C:\Users\karan\Downloads\FREE FIRE\src\pages\MatchRoom.jsx
  7:13  error  'id' is assigned a value but never used. Allowed unused vars must match /^[A-Z_]/u  no-unused-vars

✖ 4 problems (4 errors, 0 warnings)

